src/pages/Dashboard.tsx(6,28): error TS2307: Cannot find module '@/components/ui/StatusOverview' or its corresponding type declarations.
